{
  "ordinal": 111,
  "name": "CartoCSS",
  "timestamp_utc": "2026-10-08T11:42:07.517472+00:00",
  "platform": "Windows 11 x64; WSL Ubuntu 24.04 for Linux-native commands",
  "artifact_sha256": {
    "examples/0111_cartocss/hello.mss": "dbe3fa9c7165c95d4f486826c73b23b3907ea47717a5b106556d51058fe7ea4a",
    "examples/0111_cartocss/verify.cjs": "0d75bb225ccc571169fc6453698c8677f2a97471eadae6d9ce5f0ffca0883b9d"
  },
  "toolchain": "Node.js 22.20.0 + carto 1.2.0",
  "steps": [
    {
      "command": [
        "C:\\Program Files\\nodejs\\node.exe",
        "verify.cjs"
      ],
      "exit_code": 0,
      "stdout": "Mapnik TextSymbolizer: Hello, World!\n",
      "stderr": ""
    }
  ],
  "syntax_verified": true,
  "semantic_verified": true,
  "normalization_note": "Only machine-specific absolute path prefixes are replaced; source digests, tool output, exit codes and timestamps are preserved. Raw record retained outside deliverable."
}
