[native_module_manager.cpp(NativeModuleManager)] enter

[native_module_manager.cpp(GetInstance)] create native module manager instance

[native_module_manager.cpp(Register)] native module name is 'window'

[native_module_manager.cpp(Register)] At head register module name is 'window', isAppModule is 0

[INFO][RichPreviewer.cpp][main][99][2026-10-09T18:17:14.978]:RichPreviewer enter the main function.
[INFO][CommandParser.cpp][IsDebugPortValid][311][2026-10-09T18:17:14.978]:CommandParser debug port: 
[INFO][CommandParser.cpp][IsAppNameValid][346][2026-10-09T18:17:14.979]:CommandParser app name: undefined
[INFO][CommandParser.cpp][IsResolutionValid][359][2026-10-09T18:17:14.980]:CommandParser resolution: 720 1280 720 1280
[INFO][CommandParser.cpp][IsJsHeapValid][386][2026-10-09T18:17:14.980]:CommandParser js heap: 524288
[INFO][CommandParser.cpp][IsJsHeapFlagValid][401][2026-10-09T18:17:14.980]:CommandParser is send JS heap: 0
[INFO][CommandParser.cpp][IsScreenShapeValid][416][2026-10-09T18:17:14.980]:CommandParser screen shape: rect
[INFO][CommandParser.cpp][IsDeviceValid][431][2026-10-09T18:17:14.980]:CommandParser device: phone
[INFO][CommandParser.cpp][IsUrlValid][442][2026-10-09T18:17:14.980]:CommandParser url: pages/Index
[INFO][CommandParser.cpp][IsWebSocketPortValid][650][2026-10-09T18:17:14.980]:CommandParser WebSocket listening port: 51194
[INFO][CommandParser.cpp][IsScreenModeValid][667][2026-10-09T18:17:14.980]:CommandParser screen mode: dynamic
[INFO][CommandParser.cpp][IsProjectModelValid][493][2026-10-09T18:17:14.980]:CommandParser projectModel: Stage
[INFO][CommandParser.cpp][IsPagesValid][507][2026-10-09T18:17:14.980]:CommandParser pages: main_pages
[INFO][CommandParser.cpp][IsLanguageValid][681][2026-10-09T18:17:14.980]:CommandParser l: en_US
[INFO][CommandParser.cpp][IsLocalSocketNameValid][711][2026-10-09T18:17:14.980]:CommandParser s: arkts_corpus_cfaa08baa3ce4760b47cb0cc0366efd0
[INFO][CommandParser.cpp][IsScreenDensityValid][739][2026-10-09T18:17:14.980]:CommandParser sd: 320
[INFO][RichPreviewer.cpp][InitSharedData][94][2026-10-09T18:17:14.980]:Start language is : en_US
[ERROR][LocalSocket.cpp][ConnectToServer][38][2026-10-09T18:17:14.980]:LocalSocket::ConnectToServer SetNamedPipeHandleState failed: 87
[ERROR][TraceTool.cpp][InitPipe][38][2026-10-09T18:17:14.980]:TraceTool::pipe connect failed
[INFO][TraceTool.cpp][HandleTrace][59][2026-10-09T18:17:14.980]:Trace pipe is not prepared
[ERROR][RichPreviewer.cpp][ApplyConfig][39][2026-10-09T18:17:14.980]:No persistent properties path found.
[INFO][JsAppImpl.cpp][Start][86][2026-10-09T18:17:14.980]:Start run js app
[INFO][JsAppImpl.cpp][RunJsApp][198][2026-10-09T18:17:14.980]:RunJsApp 1
[INFO][JsAppImpl.cpp][AssignValueForWidthAndHeight][595][2026-10-09T18:17:14.980]:AssignValueForWidthAndHeight: 720 1280 720 1280
[INFO][JsAppImpl.cpp][SetJsAppArgs][165][2026-10-09T18:17:14.980]:foldStatus:unfold foldWidth:0 foldHeight:0
[INFO][JsAppImpl.cpp][SetProjectModel][467][2026-10-09T18:17:14.980]:ProjectModel: Stage
[INFO][JsAppImpl.cpp][SetColorMode][503][2026-10-09T18:17:14.980]:JsAppImpl::RunJsApp SetColorMode: 
[INFO][JsAppImpl.cpp][SetOrientation][513][2026-10-09T18:17:14.980]:JsAppImpl::RunJsApp SetOrientation: portrait
[INFO][JsAppImpl.cpp][SetAceVersionArgs][523][2026-10-09T18:17:14.980]:JsAppImpl::RunJsApp SetAceVersionArgs: ACE_2_0
[ERROR][JsonReader.cpp][ReadFile][633][2026-10-09T18:17:14.981]:JsonReader: Open json file failed.
[ERROR][StageContext.cpp][SetPkgContextInfo][554][2026-10-09T18:17:14.981]:Get pkgContextInfo.json content empty.
[INFO][JsAppImpl.cpp][SetJsAppArgs][193][2026-10-09T18:17:14.981]:start ability: 720 1280 2.000000
[ERROR][StageContext.cpp][SetLoaderJsonPath][62][2026-10-09T18:17:14.981]:the loaderJsonPath  is not exist.
[ERROR][StageContext.cpp][GetModulePathMapFromLoaderJson][76][2026-10-09T18:17:14.981]:the loaderJsonPath is not exist.
[INFO][JsAppImpl.cpp][InitGlfwEnv][882][2026-10-09T18:17:14.981]:InitGlfwEnv started
10-09 12:17:14.981 21644 18896 I C01403/GlfwRC: Init
[INFO][WebSocketServer.cpp][StartWebsocketListening][99][2026-10-09T18:17:14.981]:Begin to start websocket listening!
[INFO][CppTimerManager.cpp][AddCppTimer][36][2026-10-09T18:17:14.981]:Begin to start websocket listening!
[INFO][CppTimerManager.cpp][AddCppTimer][36][2026-10-09T18:17:14.981]:CppTimerManager::AddCppTimer e697ffd0 e654cd30
[2026/10/09 12:17:14:9827] N: lws_create_context: LWS: 4.3.3, NET CLI SRV H1 H2 WS IPv6-absent
10-09 12:17:14.993 21644 18896 I C01403/GlfwRC: Init end
10-09 12:17:14.993 21644 18896 I C01403/GlfwRC: CreateGlfwWindow
10-09 12:17:14.993 21644 18896 I C01403/GlfwRC: CreateGlfwWindow::glfwWindowHint end
[2026/10/09 12:17:14:9944] N: [vh|0|default|127.0.0.1|127.0.0.1|51194]: lws_socket_bind: source ads 127.0.0.1
[INFO][WebSocketServer.cpp][ProtocolCallback][56][2026-10-09T18:17:14.995]:Engine Websocket protocol init
10-09 12:17:15.243 21644 18896 I C01403/GlfwRC: CreateGlfwWindow::glfwCreateWindow end
10-09 12:17:15.243 21644 18896 I C01403/GlfwRC: glfwSetWindowSizeCallback 720 1280
[INFO][JsAppImpl.cpp][InitGlfwEnv][889][2026-10-09T18:17:15.243]:InitGlfwEnv finished
[INFO][TraceTool.cpp][HandleTrace][59][2026-10-09T18:17:15.243]:Trace pipe is not prepared
10-09 12:17:15.243 21644 18896 I C03900/Ace: [ace_ability.cpp(275)-(0:0:scope)] Start create AceAbility instance
10-09 12:17:15.243 21644 18896 I C03900/Ace: [localization.cpp(244)-(0:0:scope)] SetLocale language tag: en-Latn-US, select language: en-US
10-09 12:17:15.243 21644 18896 I C03900/Ace: [event_dispatcher.cpp(153)-(0:0:scope)] Initialize event dispatcher
10-09 12:17:15.243 21644 18896 I C03900/Ace: [ace_ability.cpp(231)-(0:0:scope)] CreateContainer with JSDECLARATIVE frontend
10-09 12:17:15.243 21644 18896 I C03900/Ace: [ace_container.cpp(98)-(0:0:scope)] Using new pipeline context ...
[ERROR][StageContext.cpp][ParseMockJsonFile][426][2026-10-09T18:17:15.244]:the mockJsonFilePath:${WORKSPACE}/work/three_toolchains_20261009/arkts/runtime-resources\mock-config.json is not exist.
10-09 12:17:15.244 21644 18896 I C04200/WindowImpl: <46>WindowImpl: WindowImpl constructorCnt: 1
10-09 12:17:15.244 21644 18896 I C04200/WindowImpl: <431>Create: [Client] Window [name:] Create
10-09 12:17:15.244 21644 18896 I C04200/WindowImpl: <724>RegisterSystemBarEnableListener: Register
10-09 12:17:15.244 21644 18896 I C04200/WindowImpl: <58>CreateSurfaceNode: CreateSurfaceNode
10-09 12:17:15.244 21644 18896 D C01406/OHOS::RS: RSNode::InitUniRenderEnabled:0
10-09 12:17:15.244 21644 18896 D C01406/OHOS::RS: RSSurfaceNode::Create name:preview_surface bundleName:  type: 0 isWindow 1 1 
10-09 12:17:15.244 21644 18896 D C01406/OHOS::RS: RsDebug RSSurfaceNode::Create id:92960272154625
10-09 12:17:15.244 21644 18896 I C04202/WMSMain: [vsync_station.cpp] VsyncStation<31>: Vsync Constructor
10-09 12:17:15.244 21644 18896 I C04200/WindowImpl: <849>UpdateAvoidArea: type:0, top:{0,0,720,0}, left:{0,0,0,0}, right:{0,0,0,0}, bottom:{0,0,0,0}
[INFO][CommandLineFactory.cpp][CreateCommandLine][97][2026-10-09T18:17:15.244]:Create Command: AvoidAreaChanged
[INFO][CommandLine.cpp][RunGet][1603][2026-10-09T18:17:15.244]:Get AvoidAreaChangedCommand run finished.
10-09 12:17:15.244 21644 18896 I C04200/WindowImpl: <849>UpdateAvoidArea: type:4, top:{0,0,0,0}, left:{0,0,0,0}, right:{0,0,0,0}, bottom:{0,1280,720,0}
[INFO][CommandLineFactory.cpp][CreateCommandLine][97][2026-10-09T18:17:15.244]:Create Command: AvoidAreaChanged
[INFO][CommandLine.cpp][RunGet][1603][2026-10-09T18:17:15.244]:Get AvoidAreaChangedCommand run finished.
10-09 12:17:15.244 21644 18896 W C03900/Ace: [stage_pkg_context_info.cpp(32)-(0:0:scope)] pkgcontextinfo map is empty
10-09 12:17:15.244 21644 18896 D C04200/WindowImpl: <628>RegisterAvoidAreaChangeListener: Start register
10-09 12:17:15.244 21644 18896 I C04200/WindowImpl: <740>RegisterIgnoreViewSafeAreaListener: Register
10-09 12:17:15.244 21644 18896 D C01406/OHOS::RS: RSUIDirector::AttachSurface not ready
10-09 12:17:15.244 21644 18896 D C01406/OHOS::RS: Node id 0 set dirty, register node
10-09 12:17:15.244 21644 18896 E C01406/OHOS::RS: RSRenderNodeDrawableAdapter::OnGenerate, node type <private> is not supported
10-09 12:17:15.244 21644 18896 E C01406/OHOS::RS: RSRenderNode::InitRenderParams failed
10-09 12:17:15.244 21644 18896 D C01406/OHOS::RS: RSRenderThread start.
10-09 12:17:15.244 21644 18896 D C01406/OHOS::RS: RSUIDirector::GoForeground
10-09 12:17:15.244 21644 18896 D C01406/OHOS::RS: RSRenderThread UpdateWindowStatus 1, cur activeWindowCnt_ 1
10-09 12:17:15.245 21644 18896 D C01406/OHOS::RS: RSUIDirector::GoBackground
10-09 12:17:15.245 21644 18896 D C01406/OHOS::RS: RSRenderThread UpdateWindowStatus 0, cur activeWindowCnt_ 0
10-09 12:17:15.245 21644 18896 D C01406/OHOS::RS: RSUIDirector::GoForeground
10-09 12:17:15.245 21644 18896 D C01406/OHOS::RS: RSRenderThread UpdateWindowStatus 1, cur activeWindowCnt_ 1
10-09 12:17:15.245 21644 18896 I C03900/Ace: [rosen_window.cpp(147)-(0:0:scope)] ArkUI requests first Vsync.
10-09 12:17:15.245 21644 18896 I C04202/WMSMain: [vsync_station.cpp] RequestVsync<47>: Create vsync receiver for nodeId:92960272154625
10-09 12:17:15.245 21644 18896 I C0391c/AceFocus: [pipeline_context.cpp(3105)-(0:0:scope)] Window id: 0 get focus.
10-09 12:17:15.245 21644 18896 W C0391c/AceFocus: [focus_manager.cpp(421)-(0:0:scope)] Current focus view can not found!
10-09 12:17:15.255 21644 18896 I C03900/Ace: [resource_adapter_impl_standard.cpp(154)-(0:0:scope)] AddAppRes result=0, AddSysRes result=1,  UpdateResConfig result=0, ori=0, dpi=2.000000, device=0
10-09 12:17:15.255 21644 18896 I C03900/Ace: [ace_container.cpp(84)-(0:0:scope)] Save default adapter
10-09 12:17:15.255 21644 18896 I C03900/Ace: [ace_container.cpp(87)-(0:0:scope)] Save resource adapter bundle: org.corpus.arktshello, module: entry
10-09 12:17:15.261 21644 18896 I C03900/Ace: [resource_adapter_impl_standard.cpp(200)-(0:0:scope)] themeId=117440515, ret=0, attr size=0, pattern size=57
10-09 12:17:15.269 21644 18896 I C03900/Ace: [frontend_delegate_declarative.cpp(165)-(0:0:scope)] RunPage:pages/Index
10-09 12:17:15.269 21644 18896 I C03900/Ace: [rs_dir_asset_provider.h(59)-(0:0:scope)] GetAsset: manifest.json, <private>
10-09 12:17:15.269 21644 18896 I C03900/Ace: [rs_dir_asset_provider.h(59)-(0:0:scope)] GetAsset: manifest.json, <private>
10-09 12:17:15.269 21644 18896 I C03900/Ace: [rs_dir_asset_provider.h(59)-(0:0:scope)] GetAsset: manifest.json, <private>
10-09 12:17:15.270 21644 18896 W C03900/Ace: [rosen_asset_manager.cpp(40)-(0:0:scope)] find asset failed, assetName = manifest.json
10-09 12:17:15.270 21644 18896 I C03900/Ace: [rs_dir_asset_provider.h(59)-(0:0:scope)] GetAsset: main_pages.json, <private>
10-09 12:17:15.270 21644 18896 I C03900/Ace: [rs_dir_asset_provider.h(59)-(0:0:scope)] GetAsset: main_pages.json, <private>
10-09 12:17:15.270 21644 18896 I C03900/Ace: [rs_dir_asset_provider.h(59)-(0:0:scope)] GetAsset: main_pages.json, <private>
10-09 12:17:15.270 21644 18896 I C03900/Ace: [rs_dir_asset_provider.h(98)-(0:0:scope)] [main_pages.json] length: 42/42 success
10-09 12:17:15.270 21644 18896 I C03900/Ace: [ace_ability.cpp(364)-(0:0:scope)] Set MinPlatformVersion to 12
10-09 12:17:15.270 21644 18896 I C03900/Ace: [ace_ability.cpp(124)-(0:0:scope)] SafeArea get success, area type is:0 insets area is:SafeAreaInsets left_: [start: 0, end: 0], top_: [start: 0, end: 0], right_: [start: 0, end: 0], bottom_: [start: 0, end: 0]
10-09 12:17:15.270 21644 18896 I C03900/Ace: [ace_ability.cpp(124)-(0:0:scope)] SafeArea get success, area type is:4 insets area is:SafeAreaInsets left_: [start: 0, end: 0], top_: [start: 0, end: 0], right_: [start: 0, end: 0], bottom_: [start: 1280, end: 1280]
[INFO][JsAppImpl.cpp][Start][89][2026-10-09T18:17:15.270]:Js app run finished
10-09 12:17:15.270 21644 18896 I C03f00/ArkCompiler: [gc] Ark Auto adapter memory pool capacity:1610612736
10-09 12:17:15.272 21644 18896 D C03f00/ArkCompiler: [ecmascript] multi-thread check enabled: 0
10-09 12:17:15.272 21644 18896 D C03f00/ArkCompiler: [ecmascript] PGO Trace enable: 0
10-09 12:17:15.272 21644 18896 D C03f00/ArkCompiler: [gc] AddRegion:24 Add region:0000028E1FCC0000 to eden space
10-09 12:17:15.272 21644 18896 D C03f00/ArkCompiler: [gc] AddRegion:24 Add region:0000028E1FD40000 to semi space
10-09 12:17:15.272 21644 18896 D C03f00/ArkCompiler: [gc] AddRegion:24 Add region:0000028E1FD80000 to non movable space
10-09 12:17:15.272 21644 18896 D C03f00/ArkCompiler: [gc] AddRegion:24 Add region:0000028E1FDC0000 to old space
10-09 12:17:15.272 21644 18896 D C03f00/ArkCompiler: [gc] heap initialize: heap size = 448MB, semispace capacity = 2MB, nonmovablespace capacity = 64MB, snapshotspace capacity = 4MB, machinecodespace capacity = 8MB, oldspace capacity = 367MB, globallimit = 446MB, gcThreadNum = 3
10-09 12:17:15.272 21644 18896 D C03f00/ArkCompiler: [ecmascript] EcmaContext::Initialize
10-09 12:17:15.272 21644 18896 D C03f00/ArkCompiler: [gc] AddRegion:24 Add region:0000028E1FE00000 to shared read only space
10-09 12:17:15.272 21644 18896 D C03f00/ArkCompiler: [gc] AddRegion:24 Add region:0000028E1FE40000 to shared non movable space
10-09 12:17:15.272 21644 18896 D C03f00/ArkCompiler: [gc] AddRegion:24 Add region:0000028E1FE80000 to read only space
10-09 12:17:15.272 21644 18896 D C03f00/ArkCompiler: [gc] AddRegion:24 Add region:0000028E1FEC0000 to shared old space
10-09 12:17:15.272 21644 18896 D C03f00/ArkCompiler: [ecmascript] CreateSArrayFunctionHClass length
10-09 12:17:15.273 21644 18896 D C03f00/ArkCompiler: [ecmascript] CreateSArrayFunctionHClass name
10-09 12:17:15.273 21644 18896 D C03f00/ArkCompiler: [ecmascript] CreateSArrayFunctionHClass prototype
10-09 12:17:15.273 21644 18896 D C03f00/ArkCompiler: [ecmascript] CreateSArrayFunctionHClass from
10-09 12:17:15.273 21644 18896 D C03f00/ArkCompiler: [ecmascript] CreateSArrayFunctionHClass create
10-09 12:17:15.273 21644 18896 D C03f00/ArkCompiler: [ecmascript] CreateSArrayFunctionHClass [Symbol.species]
10-09 12:17:15.273 21644 18896 D C03f00/ArkCompiler: [ecmascript] JSThread::SetInitialBuiltinHClass: Builtin = OBJECT, builtinHClass = 0000028E1FD82998, instanceHClass = 0000028E1FD823D8, prototypeHClass = 0000028E1FD829E8, prototypeOfPrototypeHClass = 0000000000000000, extraHClass = 0000000000000000
10-09 12:17:15.273 21644 18896 D C03f00/ArkCompiler: [ecmascript] 
10-09 12:17:15.273 21644 18896 D C03f00/ArkCompiler: [ecmascript] JSThread::SetInitialBuiltinHClass: Builtin = ARRAY, builtinHClass = 0000028E1FD86188, instanceHClass = 0000028E1FD84C48, prototypeHClass = 0000028E1FD86728, prototypeOfPrototypeHClass = 0000000000000000, extraHClass = 0000000000000000
10-09 12:17:15.273 21644 18896 D C03f00/ArkCompiler: [ecmascript] JSThread::SetInitialBuiltinHClass: Builtin = DATE, builtinHClass = 0000028E1FD87768, instanceHClass = 0000028E1FD867C8, prototypeHClass = 0000028E1FD87628, prototypeOfPrototypeHClass = 0000000000000000, extraHClass = 0000000000000000
10-09 12:17:15.273 21644 18896 D C03f00/ArkCompiler: [ecmascript] JSThread::SetInitialBuiltinHClass: Builtin = SET, builtinHClass = 0000028E1FD87C18, instanceHClass = 0000028E1FD87808, prototypeHClass = 0000028E1FD87C68, prototypeOfPrototypeHClass = 0000000000000000, extraHClass = 0000000000000000
10-09 12:17:15.273 21644 18896 D C03f00/ArkCompiler: [ecmascript] JSThread::SetInitialBuiltinHClass: Builtin = MAP, builtinHClass = 0000028E1FD87C18, instanceHClass = 0000028E1FD87D08, prototypeHClass = 0000028E1FD88168, prototypeOfPrototypeHClass = 0000000000000000, extraHClass = 0000000000000000
10-09 12:17:15.273 21644 18896 D C03f00/ArkCompiler: [ecmascript] JSThread::SetInitialBuiltinHClass: Builtin = TYPED_ARRAY, builtinHClass = 0000028E1FD896F8, instanceHClass = 0000028E1FD88A28, prototypeHClass = 0000028E1FD89658, prototypeOfPrototypeHClass = 0000000000000000, extraHClass = 0000000000000000
10-09 12:17:15.273 21644 18896 D C03f00/ArkCompiler: [ecmascript] JSThread::SetInitialBuiltinHClass: Builtin = INT8_ARRAY, builtinHClass = 0000028E1FD89A68, instanceHClass = 0000028E1FD897E8, prototypeHClass = 0000028E1FD89A18, prototypeOfPrototypeHClass = 0000028E1FD89658, extraHClass = 0000028E1FD89888
10-09 12:17:15.274 21644 18896 D C03f00/ArkCompiler: [ecmascript] JSThread::SetInitialBuiltinHClass: Builtin = UINT8_ARRAY, builtinHClass = 0000028E1FD89A68, instanceHClass = 0000028E1FD89AB8, prototypeHClass = 0000028E1FD89BF8, prototypeOfPrototypeHClass = 0000028E1FD89658, extraHClass = 0000028E1FD89B58
10-09 12:17:15.274 21644 18896 D C03f00/ArkCompiler: [ecmascript] JSThread::SetInitialBuiltinHClass: Builtin = UINT8_CLAMPED_ARRAY, builtinHClass = 0000028E1FD89A68, instanceHClass = 0000028E1FD89C48, prototypeHClass = 0000028E1FD89D88, prototypeOfPrototypeHClass = 0000028E1FD89658, extraHClass = 0000028E1FD89CE8
10-09 12:17:15.274 21644 18896 D C03f00/ArkCompiler: [ecmascript] JSThread::SetInitialBuiltinHClass: Builtin = INT16_ARRAY, builtinHClass = 0000028E1FD89A68, instanceHClass = 0000028E1FD89DD8, prototypeHClass = 0000028E1FD89F18, prototypeOfPrototypeHClass = 0000028E1FD89658, extraHClass = 0000028E1FD89E78
10-09 12:17:15.274 21644 18896 D C03f00/ArkCompiler: [ecmascript] JSThread::SetInitialBuiltinHClass: Builtin = UINT16_ARRAY, builtinHClass = 0000028E1FD89A68, instanceHClass = 0000028E1FD89F68, prototypeHClass = 0000028E1FD8A0A8, prototypeOfPrototypeHClass = 0000028E1FD89658, extraHClass = 0000028E1FD8A008
10-09 12:17:15.274 21644 18896 D C03f00/ArkCompiler: [ecmascript] JSThread::SetInitialBuiltinHClass: Builtin = INT32_ARRAY, builtinHClass = 0000028E1FD89A68, instanceHClass = 0000028E1FD8A0F8, prototypeHClass = 0000028E1FD8A238, prototypeOfPrototypeHClass = 0000028E1FD89658, extraHClass = 0000028E1FD8A198
10-09 12:17:15.274 21644 18896 D C03f00/ArkCompiler: [ecmascript] JSThread::SetInitialBuiltinHClass: Builtin = UINT32_ARRAY, builtinHClass = 0000028E1FD89A68, instanceHClass = 0000028E1FD8A288, prototypeHClass = 0000028E1FD8A3C8, prototypeOfPrototypeHClass = 0000028E1FD89658, extraHClass = 0000028E1FD8A328
10-09 12:17:15.274 21644 18896 D C03f00/ArkCompiler: [ecmascript] JSThread::SetInitialBuiltinHClass: Builtin = FLOAT32_ARRAY, builtinHClass = 0000028E1FD89A68, instanceHClass = 0000028E1FD8A418, prototypeHClass = 0000028E1FD8A558, prototypeOfPrototypeHClass = 0000028E1FD89658, extraHClass = 0000028E1FD8A4B8
10-09 12:17:15.274 21644 18896 D C03f00/ArkCompiler: [ecmascript] JSThread::SetInitialBuiltinHClass: Builtin = FLOAT64_ARRAY, builtinHClass = 0000028E1FD89A68, instanceHClass = 0000028E1FD8A5A8, prototypeHClass = 0000028E1FD8A6E8, prototypeOfPrototypeHClass = 0000028E1FD89658, extraHClass = 0000028E1FD8A648
10-09 12:17:15.274 21644 18896 D C03f00/ArkCompiler: [ecmascript] JSThread::SetInitialBuiltinHClass: Builtin = BIGINT64_ARRAY, builtinHClass = 0000028E1FD89A68, instanceHClass = 0000028E1FD8A738, prototypeHClass = 0000028E1FD8A878, prototypeOfPrototypeHClass = 0000028E1FD89658, extraHClass = 0000028E1FD8A7D8
10-09 12:17:15.274 21644 18896 D C03f00/ArkCompiler: [ecmascript] JSThread::SetInitialBuiltinHClass: Builtin = BIGUINT64_ARRAY, builtinHClass = 0000028E1FD89A68, instanceHClass = 0000028E1FD8A8C8, prototypeHClass = 0000028E1FD8AA08, prototypeOfPrototypeHClass = 0000028E1FD89658, extraHClass = 0000028E1FD8A968
10-09 12:17:15.274 21644 18896 D C03f00/ArkCompiler: [ecmascript] JSThread::SetInitialBuiltinHClass: Builtin = DATA_VIEW, builtinHClass = 0000028E1FD82998, instanceHClass = 0000028E1FD8AD28, prototypeHClass = 0000028E1FD8B548, prototypeOfPrototypeHClass = 0000000000000000, extraHClass = 0000000000000000
10-09 12:17:15.274 21644 18896 D C03f00/ArkCompiler: [ecmascript] JSThread::SetInitialBuiltinHClass: Builtin = STRING, builtinHClass = 0000000000000000, instanceHClass = 0000000000000000, prototypeHClass = 0000028E1FD8E630, prototypeOfPrototypeHClass = 0000000000000000, extraHClass = 0000000000000000
10-09 12:17:15.274 21644 18896 D C03f00/ArkCompiler: [ecmascript] JSThread::SetInitialBuiltinHClass: Builtin = ITERATOR, builtinHClass = 0000000000000000, instanceHClass = 0000028E1FD924B0, prototypeHClass = 0000028E1FD92500, prototypeOfPrototypeHClass = 0000000000000000, extraHClass = 0000000000000000
10-09 12:17:15.274 21644 18896 D C03f00/ArkCompiler: [ecmascript] JSThread::SetInitialBuiltinHClass: Builtin = ARRAY_ITERATOR, builtinHClass = 0000000000000000, instanceHClass = 0000028E1FD81730, prototypeHClass = 0000028E1FD928C0, prototypeOfPrototypeHClass = 0000028E1FD92500, extraHClass = 0000000000000000
[ark_native_engine.cpp(ArkNativeEngine)] ArkNativeEngine::ArkNativeEngine

[native_engine.cpp   (Init)] NativeEngine::Init

[native_safe_async_work.cpp(Init)] NativeSafeAsyncWork::Init called

10-09 12:17:15.278 21644 18896 D C03f00/ArkCompiler: [gc] AddRegion:24 Add region:0000028E1FF00000 to semi space
10-09 12:17:15.280 21644 18896 I C03900/Ace: [rs_dir_asset_provider.h(59)-(0:0:scope)] GetAsset: component_collection.txt, <private>
10-09 12:17:15.280 21644 18896 I C03900/Ace: [rs_dir_asset_provider.h(59)-(0:0:scope)] GetAsset: component_collection.txt, <private>
10-09 12:17:15.280 21644 18896 I C03900/Ace: [rs_dir_asset_provider.h(59)-(0:0:scope)] GetAsset: component_collection.txt, <private>
10-09 12:17:15.281 21644 18896 W C03900/Ace: [rosen_asset_manager.cpp(40)-(0:0:scope)] find asset failed, assetName = component_collection.txt
10-09 12:17:15.282 21644 18896 D C03f00/ArkCompiler: [gc] AddRegion:24 Add region:0000028E1FF40000 to semi space
10-09 12:17:15.284 21644 18896 D C03f00/ArkCompiler: [gc] AddRegion:24 Add region:0000028E1FF80000 to semi space
10-09 12:17:15.286 21644 18896 D C03f00/ArkCompiler: [gc] AddRegion:24 Add region:0000028E1FFC0000 to non movable space
10-09 12:17:15.287 21644 18896 D C03f00/ArkCompiler: [gc] AddRegion:24 Add region:0000028E20000000 to semi space
10-09 12:17:15.289 21644 18896 D C03f00/ArkCompiler: [gc] AddRegion:24 Add region:0000028E20040000 to shared old space
10-09 12:17:15.289 21644 18896 D C03f00/ArkCompiler: [gc] AddRegion:24 Add region:0000028E20080000 to semi space
10-09 12:17:15.289 21644 18896 D C03f00/ArkCompiler: [gc] ConcurrentMarker: Concurrent Marking Begin
10-09 12:17:15.292 21644 18896 D C03f00/ArkCompiler: [gc] AddRegion:24 Add region:0000028E200C0000 to semi space
10-09 12:17:15.293 21644 18896 D C03f00/ArkCompiler: [ecmascript] start to execute ark buffer: arkui_binary_stateMgmt_abc_loadFile
10-09 12:17:15.293 21644 18896 D C03f00/ArkCompiler: [ecmascript] JSPandaFileExecutor::ExecuteFromBuffer filename arkui_binary_stateMgmt_abc_loadFile
10-09 12:17:15.299 21644 18896 D C03f00/ArkCompiler: [ecmascript] GetModuleNameFromDesc can't find fisrt /: arkui_binary_stateMgmt_abc_loadFile
10-09 12:17:15.300 21644 18896 D C03f00/ArkCompiler: [ecmascript] add file: arkui_binary_stateMgmt_abc_loadFile
10-09 12:17:15.300 21644 18896 D C03f00/ArkCompiler: [gc] markingInProgress_1
10-09 12:17:15.300 21644 18896 D C03f00/ArkCompiler: [gc] ConcurrentMarker: Remarking Begin
10-09 12:17:15.300 21644 18896 D C03f00/ArkCompiler: [gc] AddRegion:24 Add region:0000028E20100000 to semi space
10-09 12:17:15.300 21644 18896 D C03f00/ArkCompiler: [gc] RemoveRegion:32 Remove region:0000028E200C0000 to semi space
10-09 12:17:15.300 21644 18896 D C03f00/ArkCompiler: [gc] RemoveRegion:32 Remove region:0000028E20000000 to semi space
10-09 12:17:15.300 21644 18896 D C03f00/ArkCompiler: [gc] RemoveRegion:32 Remove region:0000028E1FF80000 to semi space
10-09 12:17:15.300 21644 18896 D C03f00/ArkCompiler: [gc] RemoveRegion:32 Remove region:0000028E1FF40000 to semi space
10-09 12:17:15.300 21644 18896 D C03f00/ArkCompiler: [gc] RemoveRegion:32 Remove region:0000028E1FF00000 to semi space
10-09 12:17:15.301 21644 18896 D C03f00/ArkCompiler: [gc] AddRegion:24 Add region:0000028E20940000 to semi space
10-09 12:17:15.301 21644 28776 D C03f00/ArkCompiler: [gc] AddRegion:24 Add region:0000028E20980000 to semi space
10-09 12:17:15.301 21644 18896 D C03f00/ArkCompiler: [gc] UpdatePointers statistic: younge space region compact moving count:5younge space region compact coping count:3old space region count:3
10-09 12:17:15.302 21644  2436 D C03f00/ArkCompiler: [gc] ClearAndFreeRegion:70 Clear region from:0000028E1FD40000 to semi space
10-09 12:17:15.302 21644  2436 D C03f00/ArkCompiler: [gc] ClearAndFreeRegion:70 Clear region from:0000028E20080000 to semi space
10-09 12:17:15.302 21644 18896 D C03f00/ArkCompiler: [gc] AddRegion:24 Add region:0000028E20080000 to old space
10-09 12:17:15.304 21644 18896 D C03f00/ArkCompiler: [gc] AddRegion:24 Add region:0000028E1FD40000 to semi space
10-09 12:17:15.304 21644 18896 D C03f00/ArkCompiler: [ecmascript] start to execute ark buffer: arkui_binary_jsEnumStyle_abc_loadFile
10-09 12:17:15.304 21644 18896 D C03f00/ArkCompiler: [ecmascript] JSPandaFileExecutor::ExecuteFromBuffer filename arkui_binary_jsEnumStyle_abc_loadFile
10-09 12:17:15.309 21644 18896 D C03f00/ArkCompiler: [ecmascript] GetModuleNameFromDesc can't find fisrt /: arkui_binary_jsEnumStyle_abc_loadFile
10-09 12:17:15.309 21644 18896 D C03f00/ArkCompiler: [ecmascript] add file: arkui_binary_jsEnumStyle_abc_loadFile
10-09 12:17:15.310 21644 18896 D C03f00/ArkCompiler: [gc] AddRegion:24 Add region:0000028E209C0000 to non movable space
10-09 12:17:15.311 21644 18896 D C03f00/ArkCompiler: [ecmascript] start to execute ark buffer: arkui_binary_arkComponent_abc_loadFile
10-09 12:17:15.311 21644 18896 D C03f00/ArkCompiler: [ecmascript] JSPandaFileExecutor::ExecuteFromBuffer filename arkui_binary_arkComponent_abc_loadFile
10-09 12:17:15.315 21644 18896 D C03f00/ArkCompiler: [ecmascript] GetModuleNameFromDesc can't find fisrt /: arkui_binary_arkComponent_abc_loadFile
10-09 12:17:15.318 21644 18896 D C03f00/ArkCompiler: [ecmascript] add file: arkui_binary_arkComponent_abc_loadFile
10-09 12:17:15.318 21644 18896 D C03f00/ArkCompiler: [gc] AddRegion:24 Add region:0000028E20A00000 to shared old space
10-09 12:17:15.318 21644 18896 D C03f00/ArkCompiler: [gc] AddRegion:24 Add region:0000028E20A40000 to semi space
10-09 12:17:15.319 21644 18896 D C03f00/ArkCompiler: [gc] AddRegion:24 Add region:0000028E20A80000 to semi space
10-09 12:17:15.320 21644 18896 D C03f00/ArkCompiler: [gc] AddRegion:24 Add region:0000028E20AC0000 to semi space
10-09 12:17:15.320 21644 18896 D C03f00/ArkCompiler: [gc] AddRegion:24 Add region:0000028E20B00000 to old space
10-09 12:17:15.321 21644 18896 D C03f00/ArkCompiler: [gc] AddRegion:24 Add region:0000028E20B40000 to semi space
10-09 12:17:15.324 21644 18896 D C03f00/ArkCompiler: [gc] AddRegion:24 Add region:0000028E20B80000 to non movable space
10-09 12:17:15.324 21644 18896 D C03f00/ArkCompiler: [gc] AddRegion:24 Add region:0000028E20BC0000 to semi space
10-09 12:17:15.325 21644 18896 D C03f00/ArkCompiler: [gc] AddRegion:24 Add region:0000028E20C00000 to shared old space
10-09 12:17:15.325 21644 18896 D C03f00/ArkCompiler: [gc] AddRegion:24 Add region:0000028E20C40000 to old space
10-09 12:17:15.326 21644 18896 D C03f00/ArkCompiler: [gc] AddRegion:24 Add region:0000028E20C80000 to semi space
10-09 12:17:15.326 21644 18896 D C03f00/ArkCompiler: [gc] ConcurrentMarker: Concurrent Marking Begin
10-09 12:17:15.327 21644 18896 D C03f00/ArkCompiler: [gc] markingInProgress_1
10-09 12:17:15.327 21644 18896 D C03f00/ArkCompiler: [gc] ConcurrentMarker: Remarking Begin
10-09 12:17:15.328 21644 18896 D C03f00/ArkCompiler: [gc] AddRegion:24 Add region:0000028E20CC0000 to semi space
10-09 12:17:15.328 21644  2436 D C03f00/ArkCompiler: [gc] RemoveRegion:32 Remove region:0000028E20BC0000 to semi space
10-09 12:17:15.328 21644  2436 D C03f00/ArkCompiler: [gc] RemoveRegion:32 Remove region:0000028E20A80000 to semi space
10-09 12:17:15.328 21644 18896 D C03f00/ArkCompiler: [gc] RemoveRegion:32 Remove region:0000028E20AC0000 to semi space
10-09 12:17:15.328 21644  3968 D C03f00/ArkCompiler: [gc] RemoveRegion:32 Remove region:0000028E20B40000 to semi space
10-09 12:17:15.328 21644  3968 D C03f00/ArkCompiler: [gc] AddRegion:24 Add region:0000028E20D00000 to local space
10-09 12:17:15.328 21644  2436 D C03f00/ArkCompiler: [gc] AddRegion:24 Add region:0000028E21E00000 to semi space
10-09 12:17:15.328 21644  3968 D C03f00/ArkCompiler: [gc] AddRegion:24 Add region:0000028E21E40000 to semi space
10-09 12:17:15.328 21644  2436 D C03f00/ArkCompiler: [gc] AddRegion:24 Add region:0000028E21E80000 to local space
10-09 12:17:15.328 21644 18896 D C03f00/ArkCompiler: [gc] AddRegion:24 Add region:0000028E21EC0000 to local space
10-09 12:17:15.328 21644  2436 D C03f00/ArkCompiler: [gc] AddRegion:24 Add region:0000028E21F00000 to local space
10-09 12:17:15.328 21644 18896 D C03f00/ArkCompiler: [gc] AddRegion:24 Add region:0000028E21F40000 to local space
10-09 12:17:15.328 21644  3968 D C03f00/ArkCompiler: [gc] AddRegion:24 Add region:0000028E21F80000 to local space
10-09 12:17:15.329 21644  2436 D C03f00/ArkCompiler: [gc] RemoveRegion:32 Remove region:0000028E21E80000 to local space
10-09 12:17:15.329 21644  2436 D C03f00/ArkCompiler: [gc] AddRegion:24 Add region:0000028E21E80000 to old space
10-09 12:17:15.329 21644  2436 D C03f00/ArkCompiler: [gc] RemoveRegion:32 Remove region:0000028E21F00000 to local space
10-09 12:17:10-15.009 329 00012:21644    17:2436 D C   15.3f00/ArkCompiler: [gc] AddRegion:24 Add region:0000028E21F00000 to old space
149 21644  3968 D C03f00/ArkCompiler: [gc] AddRegion:24 Add region:0000028E21FC0000 to local space
10-09 12:17:15.329 21644 18896 D C03f00/ArkCompiler: [gc] RemoveRegion:32 Remove region:0000028E21EC0000 to local space
10-09 12:17:15.329 21644 18896 D C03f00/ArkCompiler: [gc] AddRegion:24 Add region:0000028E21EC0000 to old space
10-09 12:17:15.329 21644 18896 D C03f00/ArkCompiler: [gc] RemoveRegion:32 Remove region:0000028E21F40000 to local space
10-09 12:17:15.329 21644 18896 D C03f00/ArkCompiler: [gc] AddRegion:24 Add region:0000028E21F40000 to old space
10-09 12:17:15.329 21644  3968 D C03f00/ArkCompiler: [gc] RemoveRegion:32 Remove region:0000028E20D00000 to local space
10-09 12:17:15.329 21644  3968 D C03f00/ArkCompiler: [gc] AddRegion:24 Add region:0000028E20D00000 to old space
10-09 12:17:15.329 21644  3968 D C03f00/ArkCompiler: [gc] RemoveRegion:32 Remove region:0000028E21F80000 to local space
10-09 12:17:15.329 21644  3968 D C03f00/ArkCompiler: [gc] AddRegion:24 Add region:0000028E21F80000 to old space
10-09 12:17:15.329 21644  3968 D C03f00/ArkCompiler: [gc] RemoveRegion:32 Remove region:0000028E21FC0000 to local space
10-09 12:17:15.329 21644  3968 D C03f00/ArkCompiler: [gc] AddRegion:24 Add region:0000028E21FC0000 to old space
10-09 12:17:15.329 21644 18896 D C03f00/ArkCompiler: [gc] UpdatePointers statistic: younge space region compact moving count:4younge space region compact coping count:3old space region count:15
10-09 12:17:15.329 21644  2436 D C03f00/ArkCompiler: [gc] ClearAndFreeRegion:70 Clear region from:0000028E1FF00000 to semi space
10-09 12:17:15.329 21644  2436 D C03f00/ArkCompiler: [gc] ClearAndFreeRegion:70 Clear region from:0000028E1FF40000 to semi space
10-09 12:17:15.330 21644  2436 D C03f00/ArkCompiler: [gc] ClearAndFreeRegion:70 Clear region from:0000028E1FF80000 to semi space
10-09 12:17:15.330 21644  2436 D C03f00/ArkCompiler: [gc] ClearAndFreeRegion:70 Clear region from:0000028E20000000 to semi space
10-09 12:17:15.330 21644  2436 D C03f00/ArkCompiler: [gc] ClearAndFreeRegion:70 Clear region from:0000028E200C0000 to semi space
10-09 12:17:15.330 21644  2436 D C03f00/ArkCompiler: [gc] ClearAndFreeRegion:70 Clear region from:0000028E20100000 to semi space
10-09 12:17:15.330 21644  2436 D C03f00/ArkCompiler: [gc] ClearAndFreeRegion:70 Clear region from:0000028E20940000 to semi space
10-09 12:17:15.330 21644  2436 D C03f00/ArkCompiler: [gc] ClearAndFreeRegion:70 Clear region from:0000028E20980000 to semi space
10-09 12:17:15.330 21644  2436 D C03f00/ArkCompiler: [gc] ClearAndFreeRegion:70 Clear region from:0000028E1FD40000 to semi space
10-09 12:17:15.330 21644  2436 D C03f00/ArkCompiler: [gc] ClearAndFreeRegion:70 Clear region from:0000028E20A40000 to semi space
10-09 12:17:15.330 21644  2436 D C03f00/ArkCompiler: [gc] ClearAndFreeRegion:70 Clear region from:0000028E20C80000 to semi space
10-09 12:17:15.330 21644 18896 D C03f00/ArkCompiler: [gc] AddRegion:24 Add region:0000028E20C80000 to semi space
10-09 12:17:15.332 21644 18896 D C03f00/ArkCompiler: [gc] AddRegion:24 Add region:0000028E20A40000 to semi space
10-09 12:17:15.332 21644 18896 D C03f00/ArkCompiler: [gc] AddRegion:24 Add region:0000028E1FD40000 to non movable space
10-09 12:17:15.334 21644 18896 D C03f00/ArkCompiler: [gc] AddRegion:24 Add region:0000028E20980000 to semi space
10-09 12:17:15.335 21644 18896 D C03f00/ArkCompiler: [gc] AddRegion:24 Add region:0000028E20940000 to old space
10-09 12:17:15.336 21644 18896 D C03f00/ArkCompiler: [gc] AddRegion:24 Add region:0000028E20100000 to shared old space
10-09 12:17:15.336 21644 18896 D C03f00/ArkCompiler: [gc] AddRegion:24 Add region:0000028E200C0000 to semi space
10-09 12:17:15.337 21644 18896 D C03f00/ArkCompiler: [ecmascript] start to execute ark buffer: arkui_binary_arkTheme_abc_loadFile
10-09 12:17:15.337 21644 18896 D C03f00/ArkCompiler: [ecmascript] JSPandaFileExecutor::ExecuteFromBuffer filename arkui_binary_arkTheme_abc_loadFile
10-09 12:17:15.340 21644 18896 D C03f00/ArkCompiler: [ecmascript] GetModuleNameFromDesc can't find fisrt /: arkui_binary_arkTheme_abc_loadFile
10-09 12:17:15.340 21644 18896 D C03f00/ArkCompiler: [ecmascript] add file: arkui_binary_arkTheme_abc_loadFile
10-09 12:17:15.341 21644 18896 D C03f00/ArkCompiler: [gc] AddRegion:24 Add region:0000028E20000000 to semi space
10-09 12:17:15.341 21644 18896 D C03f00/ArkCompiler: [gc] AddRegion:24 Add region:0000028E1FF80000 to non movable space
10-09 12:17:15.341 21644 18896 D C03f00/ArkCompiler: [ecmascript] start to execute ark buffer: 
10-09 12:17:15.341 21644 18896 D C03f00/ArkCompiler: [ecmascript] JSPandaFileExecutor::ExecuteFromBuffer filename 
10-09 12:17:15.345 21644 18896 D C03f00/ArkCompiler: [ecmascript] GetModuleNameFromDesc can't find fisrt /: 5167088234866090988
10-09 12:17:15.345 21644 18896 D C03f00/ArkCompiler: [ecmascript] add file: 5167088234866090988
[native_module_manager.cpp(LoadNativeModule)] moduleName is arkui.uicontext, path is (null), relativePath is 

[module_load_checker.cpp(DiskCheckOnly)] Not check moduleLoadable, moduleCheckerDelegate_ not set

[native_module_manager.cpp(LoadNativeModule)] module 'arkui.uicontext' does not in cache

[module_load_checker.cpp(CheckModuleLoadable)] Not check moduleLoadable, moduleCheckerDelegate_ not set

[native_module_manager.cpp(FindNativeModuleByDisk)] moduleName is arkui.uicontext. get primary module path is ./module/arkui/libuicontext.dll

[native_module_manager.cpp(LoadModuleLibrary)] path: ./module/arkui/libuicontext.dll, pathKey: , isAppModule: 0

[native_module_manager.cpp(FindNativeModuleByDisk)] try to load secondary module path: ./module/arkui/libuicontext_napi.dll

[native_module_manager.cpp(LoadModuleLibrary)] path: ./module/arkui/libuicontext_napi.dll, pathKey: , isAppModule: 0

[native_module_manager.cpp(FindNativeModuleByDisk)] ./module/arkui/libuicontext.dll does not exist, errMsg First attempt: 
Second attempt: 

[native_module_manager.cpp(FindNativeModuleByDisk)] try to load abc module path: ./module/arkui/uicontext.abc

[native_module_manager.cpp(GetBufferHandle)] moduleKey is 'arkui.uicontext'

[native_module_manager.cpp(EmplaceModuleBuffer)] modulekey is 'arkui.uicontext'

[native_module_manager.cpp(RegisterByBuffer)] native module name is 'arkui.uicontext'

[native_module_manager.cpp(RegisterByBuffer)] Register by buffer success. module name is 'arkui.uicontext'

[native_module_manager.cpp(FindNativeModuleByDisk)] last native info: name is arkui.uicontext, moduleName is arkui.uicontext

[native_module_manager.cpp(LoadNativeModule)] load native module success

[native_module_manager.cpp(SetNativeEngine)] modulekey is 'arkui.uicontext'

[ark_native_engine.cpp(operator())] load js code from libarkui.uicontext.z.so/arkui.uicontext.js

10-09 12:17:15.345 21644 18896 D C03f00/ArkCompiler: [ecmascript] JSPandaFileExecutor::ExecuteFromBuffer filename libarkui.uicontext.z.so/arkui.uicontext.js
10-09 12:17:15.345 21644 18896 D C03f00/ArkCompiler: [ecmascript] GetModuleNameFromDesc can't find second /: libarkui.uicontext.z.so/arkui.uicontext.js
10-09 12:17:15.345 21644 18896 D C03f00/ArkCompiler: [ecmascript] add file: libarkui.uicontext.z.so/arkui.uicontext.js
10-09 12:17:15.346 21644 18896 D C03f00/ArkCompiler: [gc] AddRegion:24 Add region:0000028E1FF40000 to old space
[ark_native_engine.cpp(LoadArkModule)] ArkNativeEngineImpl::LoadModule end

10-09 12:17:15.350 21644 18896 D C03f00/ArkCompiler: [ecmascript] start to execute ark buffer: 
10-09 12:17:15.350 21644 18896 D C03f00/ArkCompiler: [ecmascript] JSPandaFileExecutor::ExecuteFromBuffer filename 
10-09 12:17:15.357 21644 18896 D C03f00/ArkCompiler: [ecmascript] GetModuleNameFromDesc can't find fisrt /: 12398529874138021047
10-09 12:17:15.362 21644 18896 D C03f00/ArkCompiler: [ecmascript] add file: 12398529874138021047
10-09 12:17:15.362 21644 18896 D C03f00/ArkCompiler: [gc] AddRegion:24 Add region:0000028DEF9C0000 to huge object space
10-09 12:17:15.362 21644 18896 D C03f00/ArkCompiler: [gc] AddRegion:24 Add region:0000028DEFA40000 to shared huge object space
10-09 12:17:15.362 21644 18896 D C03f00/ArkCompiler: [gc] AddRegion:24 Add region:0000028E1FF00000 to semi space
10-09 12:17:15.363 21644 18896 D C03f00/ArkCompiler: [gc] AddRegion:24 Add region:0000028E22000000 to semi space
10-09 12:17:15.366 21644 18896 D C03f00/ArkCompiler: [gc] AddRegion:24 Add region:0000028E22040000 to semi space
10-09 12:17:15.367 21644 18896 D C03f00/ArkCompiler: [gc] AddRegion:24 Add region:0000028E22080000 to non movable space
10-09 12:17:15.367 21644 18896 D C03f00/ArkCompiler: [gc] AddRegion:24 Add region:0000028E220C0000 to shared old space
10-09 12:17:15.368 21644 18896 D C03f00/ArkCompiler: [gc] AddRegion:24 Add region:0000028E22100000 to semi space
10-09 12:17:15.370 21644 18896 D C03f00/ArkCompiler: [gc] AddRegion:24 Add region:0000028E22140000 to old space
10-09 12:17:15.370 21644 18896 D C03f00/ArkCompiler: [gc] AddRegion:24 Add region:0000028E22180000 to semi space
10-09 12:17:15.373 21644 18896 D C03f00/ArkCompiler: [gc] AddRegion:24 Add region:0000028E221C0000 to semi space
10-09 12:17:15.373 21644 18896 D C03f00/ArkCompiler: [gc] AddRegion:24 Add region:0000028E25D40000 to non movable space
10-09 12:17:15.375 21644 18896 D C03f00/ArkCompiler: [gc] AddRegion:24 Add region:0000028E25D80000 to semi space
10-09 12:17:15.377 21644 18896 D C03f00/ArkCompiler: [gc] AddRegion:24 Add region:0000028E25DC0000 to shared old space
10-09 12:17:15.377 21644 18896 D C03f00/ArkCompiler: [gc] AddRegion:24 Add region:0000028E25E00000 to old space
10-09 12:17:15.379 21644 18896 D C03f00/ArkCompiler: [gc] AddRegion:24 Add region:0000028E25E40000 to semi space
10-09 12:17:15.380 21644 18896 D C03f00/ArkCompiler: [gc] AddRegion:24 Add region:0000028E25E80000 to non movable space
10-09 12:17:15.381 21644 18896 D C03f00/ArkCompiler: [gc] AddRegion:24 Add region:0000028E25EC0000 to semi space
10-09 12:17:15.383 21644 18896 D C03f00/ArkCompiler: [gc] AddRegion:24 Add region:0000028E25F00000 to semi space
10-09 12:17:15.386 21644 18896 D C03f00/ArkCompiler: [gc] AddRegion:24 Add region:0000028E25F40000 to non movable space
10-09 12:17:15.387 21644 18896 D C03f00/ArkCompiler: [gc] AddRegion:24 Add region:0000028E25F80000 to semi space
10-09 12:17:15.387 21644 18896 D C03f00/ArkCompiler: [gc] AddRegion:24 Add region:0000028E25FC0000 to old space
10-09 12:17:15.387 21644 18896 D C03f00/ArkCompiler: [gc] AddRegion:24 Add region:0000028E26000000 to shared old space
10-09 12:17:15.389 21644 18896 D C03f00/ArkCompiler: [gc] AddRegion:24 Add region:0000028E26040000 to semi space
10-09 12:17:15.391 21644 18896 D C03f00/ArkCompiler: [gc] AddRegion:24 Add region:0000028E26080000 to semi space
10-09 12:17:15.392 21644 18896 D C03f00/ArkCompiler: [gc] AddRegion:24 Add region:0000028E260C0000 to non movable space
10-09 12:17:15.394 21644 18896 I C03900/Ace: [rs_dir_asset_provider.h(59)-(0:0:scope)] GetAsset: apiMock/jsMockHmos.abc, <private>
10-09 12:17:15.394 21644 18896 I C03900/Ace: [rs_dir_asset_provider.h(59)-(0:0:scope)] GetAsset: apiMock/jsMockHmos.abc, <private>
10-09 12:17:15.394 21644 18896 I C03900/Ace: [rs_dir_asset_provider.h(59)-(0:0:scope)] GetAsset: apiMock/jsMockHmos.abc, <private>
10-09 12:17:15.394 21644 18896 W C03900/Ace: [rosen_asset_manager.cpp(40)-(0:0:scope)] find asset failed, assetName = apiMock/jsMockHmos.abc
10-09 12:17:15.394 21644 18896 W C03900/Ace: [jsi_declarative_engine.cpp(462)-(0:0:scope)] Failed to get the content from the file apiMock/jsMockHmos.abc
10-09 12:17:15.396 21644 18896 W C03900/Ace: [ace_res_key_parser.cpp(129)-(0:0:scope)] Invalid config:en_Latn_US-long-notround-vertical-light-phone-xhdpi
10-09 12:17:15.396 21644 18896 I C03900/Ace: [rs_dir_asset_provider.h(59)-(0:0:scope)] GetAsset: resources/default/properties/string.json, <private>
10-09 12:17:15.396 21644 18896 I C03900/Ace: [rs_dir_asset_provider.h(59)-(0:0:scope)] GetAsset: resources/default/properties/string.json, <private>
10-09 12:17:15.396 21644 18896 I C03900/Ace: [rs_dir_asset_provider.h(59)-(0:0:scope)] GetAsset: resources/default/properties/string.json, <private>
10-09 12:17:15.396 21644 18896 W C03900/Ace: [rosen_asset_manager.cpp(40)-(0:0:scope)] find asset failed, assetName = resources/default/properties/string.json
[native_module_manager.cpp(LoadNativeModule)] moduleName is FeatureAbility, path is (null), relativePath is 

[module_load_checker.cpp(DiskCheckOnly)] Not check moduleLoadable, moduleCheckerDelegate_ not set

[native_module_manager.cpp(LoadNativeModule)] module 'FeatureAbility' does not in cache

[module_load_checker.cpp(CheckModuleLoadable)] Not check moduleLoadable, moduleCheckerDelegate_ not set

[native_module_manager.cpp(FindNativeModuleByDisk)] moduleName is FeatureAbility. get primary module path is ./module/libfeatureability.dll

[native_module_manager.cpp(LoadModuleLibrary)] path: ./module/libfeatureability.dll, pathKey: , isAppModule: 0

[native_module_manager.cpp(FindNativeModuleByDisk)] try to load secondary module path: ./module/libfeatureability_napi.dll

[native_module_manager.cpp(LoadModuleLibrary)] path: ./module/libfeatureability_napi.dll, pathKey: , isAppModule: 0

[native_module_manager.cpp(FindNativeModuleByDisk)] ./module/libfeatureability.dll does not exist, errMsg First attempt: 
Second attempt: 

[native_module_manager.cpp(FindNativeModuleByDisk)] try to load abc module path: ./module/featureability.abc

[native_module_manager.cpp(GetFileBuffer)] ./module/featureability.abc is not existed.

[native_module_manager.cpp(FindNativeModuleByDisk)] First attempt: 
Second attempt: 
try to load abc file from ./module/featureability.abc failed

[native_module_manager.cpp(LoadNativeModule)] load native module failed

[ark_native_engine.cpp(operator())] First attempt: 
Second attempt: 
try to load abc file from ./module/featureability.abc failed

[native_module_manager.cpp(SetPreviewSearchPath)] previewSearchPath is ''

10-09 12:17:15.397 21644 18896 I C03900/Ace: [rs_dir_asset_provider.h(59)-(0:0:scope)] GetAsset: resources/styles/default.json, <private>
10-09 12:17:15.397 21644 18896 I C03900/Ace: [rs_dir_asset_provider.h(59)-(0:0:scope)] GetAsset: resources/styles/default.json, <private>
10-09 12:17:15.397 21644 18896 I C03900/Ace: [rs_dir_asset_provider.h(59)-(0:0:scope)] GetAsset: resources/styles/default.json, <private>
10-09 12:17:15.397 21644 18896 W C03900/Ace: [rosen_asset_manager.cpp(40)-(0:0:scope)] find asset failed, assetName = resources/styles/default.json
10-09 12:17:15.397 21644 18896 I C03900/Ace: [root_pattern.h(63)-(0:0:scope)] root node OnAttachToFrameNode, id:0
10-09 12:17:15.397 21644 18896 I C03900/Ace: [rosen_window.cpp(210)-(0:0:scope)] Rosenwindow set root frame node
10-09 12:17:15.397 21644 18896 D C01406/OHOS::RS: RSUIDirector::AttachSurface [92960272154625
10-09 12:17:15.398 21644 18896 I C03900/Ace: [rs_dir_asset_provider.h(59)-(0:0:scope)] GetAsset: commons.abc, <private>
10-09 12:17:15.398 21644 18896 I C03900/Ace: [rs_dir_asset_provider.h(59)-(0:0:scope)] GetAsset: commons.abc, <private>
10-09 12:17:15.398 21644 18896 I C03900/Ace: [rs_dir_asset_provider.h(59)-(0:0:scope)] GetAsset: commons.abc, <private>
10-09 12:17:15.398 21644 18896 W C03900/Ace: [rosen_asset_manager.cpp(40)-(0:0:scope)] find asset failed, assetName = commons.abc
10-09 12:17:15.398 21644 18896 I C03900/Ace: [rs_dir_asset_provider.h(59)-(0:0:scope)] GetAsset: vendors.abc, <private>
10-09 12:17:15.398 21644 18896 I C03900/Ace: [rs_dir_asset_provider.h(59)-(0:0:scope)] GetAsset: vendors.abc, <private>
10-09 12:17:15.398 21644 18896 I C03900/Ace: [rs_dir_asset_provider.h(59)-(0:0:scope)] GetAsset: vendors.abc, <private>
10-09 12:17:15.398 21644 18896 W C03900/Ace: [rosen_asset_manager.cpp(40)-(0:0:scope)] find asset failed, assetName = vendors.abc
10-09 12:17:15.398 21644 18896 I C03900/Ace: [rs_dir_asset_provider.h(59)-(0:0:scope)] GetAsset: app.abc, <private>
10-09 12:17:15.398 21644 18896 I C03900/Ace: [rs_dir_asset_provider.h(59)-(0:0:scope)] GetAsset: app.abc, <private>
10-09 12:17:15.398 21644 18896 I C03900/Ace: [rs_dir_asset_provider.h(59)-(0:0:scope)] GetAsset: app.abc, <private>
10-09 12:17:15.398 21644 18896 W C03900/Ace: [rosen_asset_manager.cpp(40)-(0:0:scope)] find asset failed, assetName = app.abc
10-09 12:17:15.398 21644 18896 I C03900/Ace: [page_router_manager.cpp(1201)-(0:0:scope)] Page router manager is loading page[1]: pages/Index.
10-09 12:17:15.398 21644 18896 I C03900/Ace: [rs_dir_asset_provider.h(59)-(0:0:scope)] GetAsset: pages/Index.abc, <private>
10-09 12:17:15.399 21644 18896 I C03900/Ace: [rs_dir_asset_provider.h(98)-(0:0:scope)] [pages/Index.abc] length: 4428/4428 success
10-09 12:17:15.399 21644 18896 D C03f00/ArkCompiler: [ecmascript] start to execute ark buffer: pages/Index.abc
10-09 12:17:15.399 21644 18896 D C03f00/ArkCompiler: [ecmascript] JSPandaFileExecutor::ExecuteFromBuffer filename pages/Index.abc
10-09 12:17:15.399 21644 18896 D C03f00/ArkCompiler: [ecmascript] GetModuleNameFromDesc can't find second /: pages/Index.abc
10-09 12:17:15.399 21644 18896 D C03f00/ArkCompiler: [ecmascript] add file: pages/Index.abc
10-09 12:17:15.399 21644 18896 W C03926/AceTheme: [theme_style.h(125)-(0:0:scope)] style text_pattern not contains linear_split_child_min_size!
10-09 12:17:15.399 21644 18896 I C0391c/AceFocus: [focus_view.cpp(27)-(0:0:scope)] Focus view: page/2 show
10-09 12:17:15.400 21644 18896 D C03914/AceTextField: [text_pattern.cpp(2433)-(0:0:scope)] TextPattern handle surface change, new width 720, new height 1280, prev width 720, prev height 1280
10-09 12:17:15.400 21644 18896 I C03900/Ace: [pipeline_context.cpp(278)-(0:0:scope)] Root node request first frame.
10-09 12:17:15.413 21644 18896 D C03900/Ace: [content_root_pattern.cpp(70)-(0:0:scope)] create root content safeAreaInsets: AvoidKeyboard 0, AvoidTop 1, AvoidCutout 1, inset SafeAreaInsets left_: [start: 0, end: 0], top_: [start: 0, end: 0], right_: [start: 0, end: 0], bottom_: [start: 0, end: 0]
[INFO][WebSocketServer.cpp][ProtocolCallback][59][2026-10-09T18:17:15.413]:Websocket client connect
[INFO][WebSocketServer.cpp][ProtocolCallback][66][2026-10-09T18:17:15.413]:Engine websocket server writeable
10-09 12:17:15.636 21644 18896 D C01402/2DGraphics: findParagraph: ParagraphCache: cache miss, hash--2059718616
10-09 12:17:15.637 21644 18896 I C03900/Ace: [pipeline_context.cpp(651)-(0:0:scope)] ArkUi flush first frame messages.
10-09 12:17:15.637 21644 18896 I C0391c/AceFocus: [focus_view.cpp(229)-(0:0:scope)] Request focus on focus view: page/2.
10-09 12:17:15.637 21644 18896 I C0391c/AceFocus: [focus_view.cpp(242)-(0:0:scope)] Focus view has no default focus.
10-09 12:17:15.637 21644 18896 D C0391c/AceFocus: [focus_hub.cpp(968)-(0:0:scope)] Switch focus from NULL/-1 to Column/5
10-09 12:17:15.637 21644 18896 D C0391c/AceFocus: [focus_hub.cpp(968)-(0:0:scope)] Switch focus from NULL/-1 to page/2
10-09 12:17:15.637 21644 18896 I C0391c/AceFocus: [focus_hub.cpp(1127)-(0:0:scope)] Node(root/0) on focus
10-09 12:17:15.637 21644 18896 I C0391c/AceFocus: [focus_hub.cpp(1127)-(0:0:scope)] Node(page/2) on focus
10-09 12:17:15.637 21644 18896 I C0391c/AceFocus: [focus_hub.cpp(1127)-(0:0:scope)] Node(Column/5) on focus
10-09 12:17:15.637 21644 18896 I C0391c/AceFocus: [focus_view.cpp(259)-(0:0:scope)] Request focus on view root scope: Column/5 return: 1.
10-09 12:17:15.638 21644 18896 I C0391c/AceFocus: [focus_manager.cpp(365)-(0:0:scope)] WindowFocusMove end, startReason: 2, endReason: 2, updateReason: 2
10-09 12:17:15.638 21644 18896 D C0390d/AceOverlay: [pipeline_context.cpp(1061)-(0:0:scope)] start OnAreaChangedFunc
10-09 12:17:15.638 21644 18896 D C0390d/AceOverlay: [overlay_manager.cpp(2080)-(0:0:scope)] hide all menus enter
10-09 12:17:15.638 21644 18896 I C03903/AceSubWindow: [subwindow_manager.cpp(295)-(0:0:scope)] hide menu ng enter
10-09 12:17:15.638 21644 18896 D C0390d/AceOverlay: [overlay_manager.cpp(1821)-(0:0:scope)] hide custom popup enter
10-09 12:17:15.638 21644 18896 D C03903/AceSubWindow: [subwindow_manager.cpp(819)-(0:0:scope)] clear toast in subwindow enter
10-09 12:17:15.638 21644 18896 D C03903/AceSubWindow: [subwindow_manager.cpp(1120)-(0:0:scope)] clear toast in system subwindow enter
10-09 12:17:15.677 21644 12532 D C01406/OHOS::RS: RSRenderThread ProcessCommands size: 1
10-09 12:17:15.678 21644 12532 D C01406/OHOS::RS: Node id 92960272154627 set dirty, register node
10-09 12:17:15.678 21644 12532 E C01406/OHOS::RS: RSRenderNodeDrawableAdapter::OnGenerate, node type <private> is not supported
10-09 12:17:15.678 21644 12532 E C01406/OHOS::RS: RSRenderNode::InitRenderParams failed
10-09 12:17:15.678 21644 12532 D C01406/OHOS::RS: Node id 92960272154627 set dirty, onTree state changed
10-09 12:17:15.678 21644 12532 D C01406/OHOS::RS: Node id 0 set dirty, render node add child
10-09 12:17:15.678 21644 12532 D C01406/OHOS::RS: Node id 92960272154628 set dirty, register node
10-09 12:17:15.678 21644 12532 E C01406/OHOS::RS: RSRenderNodeDrawableAdapter::OnGenerate, node type <private> is not supported
10-09 12:17:15.678 21644 12532 E C01406/OHOS::RS: RSRenderNode::InitRenderParams failed
10-09 12:17:15.678 21644 12532 D C01406/OHOS::RS: Node id 92960272154628 set dirty, property changed
10-09 12:17:15.678 21644 12532 D C01406/OHOS::RS: Node id 92960272154629 set dirty, register node
10-09 12:17:15.678 21644 12532 E C01406/OHOS::RS: RSRenderNodeDrawableAdapter::OnGenerate, node type <private> is not supported
10-09 12:17:15.678 21644 12532 E C01406/OHOS::RS: RSRenderNode::InitRenderParams failed
10-09 12:17:15.678 21644 12532 D C01406/OHOS::RS: Node id 92960272154629 set dirty, property changed
10-09 12:17:15.678 21644 12532 D C01406/OHOS::RS: Node id 92960272154629 set dirty, property changed
10-09 12:17:15.678 21644 12532 D C01406/OHOS::RS: Node id 92960272154630 set dirty, register node
10-09 12:17:15.678 21644 12532 E C01406/OHOS::RS: RSRenderNodeDrawableAdapter::OnGenerate, node type <private> is not supported
10-09 12:17:15.678 21644 12532 E C01406/OHOS::RS: RSRenderNode::InitRenderParams failed
10-09 12:17:15.678 21644 12532 D C01406/OHOS::RS: Node id 92960272154631 set dirty, register node
10-09 12:17:15.678 21644 12532 E C01406/OHOS::RS: RSRenderNodeDrawableAdapter::OnGenerate, node type <private> is not supported
10-09 12:17:15.678 21644 12532 E C01406/OHOS::RS: RSRenderNode::InitRenderParams failed
10-09 12:17:15.678 21644 12532 D C01406/OHOS::RS: Node id 92960272154628 set dirty, render node add child
10-09 12:17:15.678 21644 12532 D C01406/OHOS::RS: Node id 92960272154631 set dirty, property changed
10-09 12:17:15.678 21644 12532 D C01406/OHOS::RS: Node id 92960272154631 set dirty, property changed
10-09 12:17:15.678 21644 12532 D C01406/OHOS::RS: Node id 92960272154630 set dirty, property changed
10-09 12:17:15.678 21644 12532 D C01406/OHOS::RS: Node id 92960272154630 set dirty, property changed
10-09 12:17:15.678 21644 12532 D C01406/OHOS::RS: Node id 92960272154630 set dirty, render node add child
10-09 12:17:15.678 21644 12532 D C01406/OHOS::RS: Node id 92960272154629 set dirty, property changed
10-09 12:17:15.678 21644 12532 D C01406/OHOS::RS: Node id 92960272154629 set dirty, property changed
10-09 12:17:15.678 21644 12532 D C01406/OHOS::RS: Node id 92960272154629 set dirty, render node add child
10-09 12:17:15.678 21644 12532 D C01406/OHOS::RS: Node id 92960272154628 set dirty, property changed
10-09 12:17:15.678 21644 12532 D C01406/OHOS::RS: Node id 92960272154628 set dirty, property changed
10-09 12:17:15.678 21644 12532 D C01406/OHOS::RS: Node id 92960272154627 set dirty, property changed
10-09 12:17:15.678 21644 12532 D C01406/OHOS::RS: Node id 92960272154627 set dirty, property changed
10-09 12:17:15.678 21644 12532 D C01406/OHOS::RS: Node id 92960272154628 set dirty, onTree state changed
10-09 12:17:15.678 21644 12532 D C01406/OHOS::RS: Node id 92960272154629 set dirty, onTree state changed
10-09 12:17:15.678 21644 12532 D C01406/OHOS::RS: Node id 92960272154630 set dirty, onTree state changed
10-09 12:17:15.678 21644 12532 D C01406/OHOS::RS: Node id 92960272154631 set dirty, onTree state changed
10-09 12:17:15.678 21644 12532 D C01406/OHOS::RS: Node id 92960272154627 set dirty, render node add child
10-09 12:17:15.678 21644 12532 D C01406/OHOS::RS: Node id 92960272154631 set dirty, property changed
10-09 12:17:15.678 21644 12532 D C01406/OHOS::RS: Node id 92960272154631 set dirty, property changed
10-09 12:17:15.678 21644 12532 D C01406/OHOS::RS: Node id 92960272154631 set dirty, property changed
10-09 12:17:15.678 21644 12532 D C01406/OHOS::RS: Node id 92960272154631 set dirty, property changed
10-09 12:17:15.678 21644 12532 D C01406/OHOS::RS: RSRenderThread DrawFrame(50449389782300) in CPU
10-09 12:17:15.703 21644 12532 D C01406/OHOS::RS: UpdateDirtyAndSetEGLDamageRegion dirtyRect = [0, 0, 720, 1280]
10-09 12:17:15.703 21644 12532 D C01406/OHOS::RS: RSRenderThreadVisitor FlushImplicitTransactionFromRT uiTimestamp = 50448999972300
10-09 12:17:15.704 21644 12532 D C01406/OHOS::RS: RSRenderThreadVisitor FlushFrame surfaceNodeId = 92960272154625, uiTimestamp = 50448999972300
[INFO][VirtualScreenImpl.cpp][Callback][174][2026-10-09T18:17:15.723]:loadDoc: Callback timeStamp50448999972300
[INFO][VirtualScreenImpl.cpp][SendPixmap][341][2026-10-09T18:17:15.724]:Get first render buffer
[INFO][TraceTool.cpp][HandleTrace][59][2026-10-09T18:17:15.724]:Trace pipe is not prepared
[INFO][VirtualScreenImpl.cpp][SendPixmap][374][2026-10-09T18:17:15.734]:Send first buffer finish
[INFO][TraceTool.cpp][HandleTrace][59][2026-10-09T18:17:15.734]:Trace pipe is not prepared
10-09 12:17:15.989 21644 29168 I C03900/Ace: [ace_ability.cpp(567)-(0:0:scope)] Inspector start
10-09 12:17:16.005 21644 29168 I C03900/Ace: [ace_ability.cpp(576)-(0:0:scope)] Inspector end
[INFO][RichPreviewer.cpp][NotifyInspectorChanged][63][2026-10-09T18:17:16.005]:Send inspector json tree.
[INFO][WebSocketServer.cpp][ProtocolCallback][78][2026-10-09T18:17:21.889]:Websocket client connection closed
