{
  "ordinal": 118,
  "name": "Cirru",
  "timestamp_utc": "2026-10-08T11:44:25.305428+00:00",
  "platform": "Windows 11 x64; WSL Ubuntu 24.04 for Linux-native commands",
  "artifact_sha256": {
    "examples/0118_cirru/hello.cirru": "6cfaea5c88741a794b64067ba8104d47ffb579ae123b0da92634b26b589c7edb",
    "examples/0118_cirru/verify.cjs": "0d12a65f3092201eb076e1b52218fea90f70928c184b269ae2270e0ac21fc84b"
  },
  "toolchain": "Node.js 22.20.0 + cirru-script 0.6.2",
  "steps": [
    {
      "command": [
        "C:\\Program Files\\nodejs\\node.exe",
        "verify.cjs"
      ],
      "exit_code": 0,
      "stdout": "Hello, World!\n",
      "stderr": ""
    }
  ],
  "syntax_verified": true,
  "semantic_verified": true,
  "normalization_note": "Only machine-specific absolute path prefixes are replaced; source digests, tool output, exit codes and timestamps are preserved. Raw record retained outside deliverable."
}
