Verified UTC: 2026-10-08T09:30:59+00:00
Platform: Windows 11 x64 (10.0.26300)
Command template (external directories normalized): powershell -NoProfile -File verify.ps1 -AcpicaDirectory <ACPICA-20250807> -BuildDirectory <new-build-directory>
Source: hello.asl
Source SHA-256: ed7a981550edb7914807b3c432f3f752fd9c5f834c2d130577472e5542e91282
Exit code: 0


Intel ACPI Component Architecture
ASL+ Optimizing Compiler/Disassembler version 20250807
Copyright (c) 2000 - 2025 Intel Corporation

ASL Input:     hello.asl -     183 bytes      3 keywords      0 source lines
AML Output:    hello.aml -      73 bytes      2 opcodes       1 named objects

Compilation successful. 0 Errors, 0 Warnings, 0 Remarks, 0 Optimizations

Intel ACPI Component Architecture
AML Execution/Debug Utility version 20250807
Copyright (c) 2000 - 2025 Intel Corporation


ACPI: RSDP 0x000000000071FC5C 000024 (v02 Intel )
ACPI: XSDT 0x00000000029F9580 00003C (v00 Intel  AcpiExec 00001001 INTL 20250807)
ACPI: FACP 0x000000000071FC80 000114 (v05 Intel  AcpiExec 00001001 INTL 20250807)
ACPI: DSDT 0x000000000071E398 000024 (v02 Intel  Local    00000001 INTL 20090730)
ACPI: FACS 0x000000000071FD98 000040
ACPI: SSDT 0x00000000029F9528 000049 (v02 HWCRPS HELLO    00000001 INTL 20250807)

ACPI table initialization:
Table [DSDT: Local   ] (id 01) -    0 Objects with   0 Devices,   0 Regions,    0 Methods (0/0/0 Serial/Non/Cvt)
Table [SSDT: HELLO   ] (id 02) -    1 Objects with   0 Devices,   0 Regions,    1 Methods (0/1/0 Serial/Non/Cvt)
ACPI: 2 ACPI AML tables successfully acquired and loaded

Final data object initialization: Namespace contains 10 (0xA) objects
Initializing General Purpose Events (GPEs):
    Initialized GPE 00 to 7F [_GPE] 16 regs on interrupt 0x0 (SCI)
    Initialized GPE 80 to FF [_GPE] 16 regs on interrupt 0x0 (SCI)

Initializing Device/Processor/Thermal objects and executing _INI/_STA methods:
    Executed 0 _INI methods requiring 0 _STA executions (examined 2 objects)
Evaluating \HWLD
ACPI Debug:  "Hello World"
Evaluation of \HWLD returned object 029F4FE8, external buffer length 24
  [String] Length 0B = "Hello World"

ACPI: No outstanding allocations
Input file hello.aml, Length 0x49 (73) bytes

PASS: ASL compiled and HWLD printed and returned Hello World
